
==================================================
  PoC v2 Generation Test
==================================================
  Model:    /dev/shm/GLM-5.2-FP8
  Warmup:   5s
  Duration: 30s per test
  Callback: http://127.0.0.1:9999

Starting batch receiver...
Batch receiver ready.

==================================================
  PHASE 3: Batch Size Benchmark
==================================================
  Batch sizes: [16]
  Duration: 35s each (5s warmup + 30s measurement)

────────────────────────────────────────
  Testing batch_size = 16
────────────────────────────────────────
    5s warmup done
    [10s] 0 nonces
    [20s] 0 nonces
    [30s] 0 nonces
  Result: 0 nonces, 0/min

==================================================
  RESULTS
==================================================
     Batch │   Nonces │   Nonces/min
  ─────────┼──────────┼─────────────
        16 │        0 │            0 ★
==================================================
  ★ Best batch size: 16 (0 nonces/min)

✓ Benchmark complete!

Stopping batch receiver...
