GH_START 22:30:53
PARAMS N_NONCES=48 STEPS=128 seq_len=256 serv:in140/out256/conc64/N256 compile=custom_ops
[flashinfer] start 22:30:53  env={export VLLM_USE_FLASHINFER_MOE_FP8=1; export VLLM_USE_DEEP_GEMM=0}
[flashinfer] ready 100s
[flashinfer] backend-evidence: 
[flashinfer] P-genref:
OK   genref: 48 nonces x 129 steps -> /hf/poc-tests/gh_ref_flashinfer.json  [6.35s]
GENREF_DONE PASS
[flashinfer] S-serving:
SERVING: 65536 out-tok / 18.52s = 3538.7 tok/s (ok=256/256 conc=64 out=256)
[flashinfer] done 22:33:03
[deepgemm] start 22:33:03  env={export VLLM_USE_FLASHINFER_MOE_FP8=0; export VLLM_USE_DEEP_GEMM=1}
[deepgemm] ready 100s
[deepgemm] backend-evidence: 
[deepgemm] P-genref:
OK   genref: 48 nonces x 129 steps -> /hf/poc-tests/gh_ref_deepgemm.json  [6.4s]
GENREF_DONE PASS
[deepgemm] S-serving:
SERVING: 65536 out-tok / 35.88s = 1826.4 tok/s (ok=256/256 conc=64 out=256)
[deepgemm] done 22:35:36
GH_DONE 22:35:36
