
==================================================
  PoC v2 Generation Test
==================================================
  Model:    cyankiwi/Hy3-AWQ-INT4
  Warmup:   5s
  Duration: 30s per test
  Callback: http://127.0.0.1:9999

Starting batch receiver...
Batch receiver ready.

==================================================
  PHASE 3: Batch Size Benchmark
==================================================
  Batch sizes: [8, 16, 32, 64]
  Duration: 35s each (5s warmup + 30s measurement)

────────────────────────────────────────
  Testing batch_size = 8
────────────────────────────────────────
    5s warmup done
    [10s] 112 nonces
    [20s] 232 nonces
    [30s] 352 nonces
  Result: 408 nonces, 816/min

────────────────────────────────────────
  Testing batch_size = 16
────────────────────────────────────────
    5s warmup done
    [10s] 112 nonces
    [20s] 240 nonces
    [30s] 368 nonces
  Result: 432 nonces, 864/min

────────────────────────────────────────
  Testing batch_size = 32
────────────────────────────────────────
    5s warmup done
    [10s] 128 nonces
    [20s] 256 nonces
    [30s] 384 nonces
  Result: 448 nonces, 896/min

────────────────────────────────────────
  Testing batch_size = 64
────────────────────────────────────────
    5s warmup done
    [10s] 128 nonces
    [20s] 256 nonces
    [30s] 384 nonces
  Result: 448 nonces, 896/min

==================================================
  RESULTS
==================================================
     Batch │   Nonces │   Nonces/min
  ─────────┼──────────┼─────────────
         8 │      408 │          816  
        16 │      432 │          864  
        32 │      448 │          896  
        64 │      448 │          896 ★
==================================================
  ★ Best batch size: 64 (896 nonces/min)

✓ Benchmark complete!

Stopping batch receiver...
