
==================================================
  PoC v2 Generation Test
==================================================
  Model:    tencent/Hy3-FP8
  Warmup:   5s
  Duration: 120s per test
  Callback: http://127.0.0.1:9999

Starting batch receiver...
Batch receiver ready.

==================================================
  PHASE 3: Batch Size Benchmark
==================================================
  Batch sizes: [16, 32, 64]
  Duration: 125s each (5s warmup + 120s measurement)

────────────────────────────────────────
  Testing batch_size = 16
────────────────────────────────────────
    5s warmup done
    [10s] 176 nonces
    [20s] 384 nonces
    [30s] 576 nonces
    [40s] 768 nonces
    [50s] 976 nonces
    [60s] 1168 nonces
    [70s] 1360 nonces
    [80s] 1568 nonces
    [90s] 1760 nonces
    [100s] 1952 nonces
    [110s] 2160 nonces
    [120s] 2352 nonces
  Result: 2352 nonces, 1175/min

────────────────────────────────────────
  Testing batch_size = 32
────────────────────────────────────────
    5s warmup done
    [10s] 192 nonces
    [20s] 384 nonces
    [30s] 608 nonces
    [40s] 800 nonces
    [50s] 1024 nonces
    [60s] 1216 nonces
    [70s] 1440 nonces
    [80s] 1632 nonces
    [90s] 1824 nonces
    [100s] 2048 nonces
    [110s] 2240 nonces
    [120s] 2464 nonces
  Result: 2464 nonces, 1232/min

────────────────────────────────────────
  Testing batch_size = 64
────────────────────────────────────────
    5s warmup done
    [10s] 192 nonces
    [20s] 384 nonces
    [30s] 576 nonces
    [40s] 832 nonces
    [50s] 1024 nonces
    [60s] 1216 nonces
    [70s] 1472 nonces
    [80s] 1664 nonces
    [90s] 1856 nonces
    [100s] 2048 nonces
    [110s] 2304 nonces
    [120s] 2496 nonces
  Result: 2496 nonces, 1248/min

==================================================
  RESULTS
==================================================
     Batch │   Nonces │   Nonces/min
  ─────────┼──────────┼─────────────
        16 │     2352 │         1175  
        32 │     2464 │         1232  
        64 │     2496 │         1248 ★
==================================================
  ★ Best batch size: 64 (1248 nonces/min)

✓ Benchmark complete!

Stopping batch receiver...
