
==================================================
  PoC v2 Generation Test
==================================================
  Model:    tencent/Hy3-FP8
  Warmup:   5s
  Duration: 30s per test
  Callback: http://127.0.0.1:9999

Starting batch receiver...
Batch receiver ready.

==================================================
  PHASE 3: Batch Size Benchmark
==================================================
  Batch sizes: [8, 16, 32, 64]
  Duration: 35s each (5s warmup + 30s measurement)

────────────────────────────────────────
  Testing batch_size = 8
────────────────────────────────────────
    5s warmup done
    [10s] 168 nonces
    [20s] 352 nonces
    [30s] 536 nonces
  Result: 624 nonces, 1248/min

────────────────────────────────────────
  Testing batch_size = 16
────────────────────────────────────────
    5s warmup done
    [10s] 192 nonces
    [20s] 384 nonces
    [30s] 592 nonces
  Result: 688 nonces, 1376/min

────────────────────────────────────────
  Testing batch_size = 32
────────────────────────────────────────
    5s warmup done
    [10s] 192 nonces
    [20s] 384 nonces
    [30s] 608 nonces
  Result: 704 nonces, 1408/min

────────────────────────────────────────
  Testing batch_size = 64
────────────────────────────────────────
    5s warmup done
    [10s] 192 nonces
    [20s] 384 nonces
    [30s] 576 nonces
  Result: 704 nonces, 1408/min

==================================================
  RESULTS
==================================================
     Batch │   Nonces │   Nonces/min
  ─────────┼──────────┼─────────────
         8 │      624 │         1248  
        16 │      688 │         1376  
        32 │      704 │         1408  
        64 │      704 │         1408 ★
==================================================
  ★ Best batch size: 64 (1408 nonces/min)

✓ Benchmark complete!

Stopping batch receiver...
