PoC Phase-3 sweep: model=/dev/shm/GLM-5.2-FP8 role=fp8 backends=deepgemm/auto
batches=8 16 32 64  url=http://localhost:8081  -> /root/work/2026-06/glm/artifacts/sweep_fp8_deepgemm_auto.log

==================================================
  PoC v2 Generation Test
==================================================
  Model:    /dev/shm/GLM-5.2-FP8
  Warmup:   5s
  Duration: 30s per test
  Callback: http://127.0.0.1:9999

Starting batch receiver...
Batch receiver ready.

==================================================
  PHASE 3: Batch Size Benchmark
==================================================
  Batch sizes: [8, 16, 32, 64]
  Duration: 35s each (5s warmup + 30s measurement)

────────────────────────────────────────
  Testing batch_size = 8
────────────────────────────────────────
    5s warmup done
    [10s] 104 nonces
    [20s] 256 nonces
    [30s] 400 nonces
  Result: 400 nonces, 800/min

────────────────────────────────────────
  Testing batch_size = 16
────────────────────────────────────────
    5s warmup done
    [10s] 144 nonces
    [20s] 304 nonces
    [30s] 464 nonces
  Result: 464 nonces, 928/min

────────────────────────────────────────
  Testing batch_size = 32
────────────────────────────────────────
    5s warmup done
    [10s] 0 nonces
    [20s] 0 nonces
    [30s] 0 nonces
  Result: 0 nonces, 0/min

────────────────────────────────────────
  Testing batch_size = 64
────────────────────────────────────────
    5s warmup done
    [10s] 0 nonces
    [20s] 0 nonces
    [30s] 0 nonces
  Result: 0 nonces, 0/min

==================================================
  RESULTS
==================================================
     Batch │   Nonces │   Nonces/min
  ─────────┼──────────┼─────────────
         8 │      400 │          800  
        16 │      464 │          928 ★
        32 │        0 │            0  
        64 │        0 │            0  
==================================================
  ★ Best batch size: 16 (928 nonces/min)

✓ Benchmark complete!

Stopping batch receiver...

Best line (grep for the peak nonces/min and record it in the README table):
Starting batch receiver...
Batch receiver ready.
  PHASE 3: Batch Size Benchmark
  Batch sizes: [8, 16, 32, 64]
  Testing batch_size = 8
  Testing batch_size = 16
  Testing batch_size = 32
  Testing batch_size = 64
     Batch │   Nonces │   Nonces/min
  ★ Best batch size: 16 (928 nonces/min)
Stopping batch receiver...
