
==================================================
  PoC v2 Generation Test
==================================================
  Model:    RedHatAI/Hy3-NVFP4-FP8
  Warmup:   5s
  Duration: 120s per test
  Callback: http://127.0.0.1:9999

Starting batch receiver...
Batch receiver ready.

==================================================
  PHASE 3: Batch Size Benchmark
==================================================
  Batch sizes: [16, 32, 64]
  Duration: 125s each (5s warmup + 120s measurement)

────────────────────────────────────────
  Testing batch_size = 16
────────────────────────────────────────
    5s warmup done
    [10s] 224 nonces
    [20s] 528 nonces
    [30s] 832 nonces
    [40s] 1120 nonces
    [50s] 1424 nonces
    [60s] 1728 nonces
    [70s] 2032 nonces
    [80s] 2336 nonces
    [90s] 2624 nonces
    [100s] 2928 nonces
    [110s] 3232 nonces
    [120s] 3536 nonces
  Result: 3536 nonces, 1768/min

────────────────────────────────────────
  Testing batch_size = 32
────────────────────────────────────────
    5s warmup done
    [10s] 288 nonces
    [20s] 608 nonces
    [30s] 928 nonces
    [40s] 1248 nonces
    [50s] 1568 nonces
    [60s] 1888 nonces
    [70s] 2208 nonces
    [80s] 2528 nonces
    [90s] 2848 nonces
    [100s] 3168 nonces
    [110s] 3488 nonces
    [120s] 3808 nonces
  Result: 3808 nonces, 1904/min

────────────────────────────────────────
  Testing batch_size = 64
────────────────────────────────────────
    5s warmup done
    [10s] 320 nonces
    [20s] 640 nonces
    [30s] 960 nonces
    [40s] 1280 nonces
    [50s] 1600 nonces
    [60s] 1920 nonces
    [70s] 2240 nonces
    [80s] 2624 nonces
    [90s] 2944 nonces
    [100s] 3264 nonces
    [110s] 3584 nonces
    [120s] 3904 nonces
  Result: 3904 nonces, 1952/min

==================================================
  RESULTS
==================================================
     Batch │   Nonces │   Nonces/min
  ─────────┼──────────┼─────────────
        16 │     3536 │         1768  
        32 │     3808 │         1904  
        64 │     3904 │         1952 ★
==================================================
  ★ Best batch size: 64 (1952 nonces/min)

✓ Benchmark complete!

Stopping batch receiver...
