
==================================================
  PoC v2 Generation Test
==================================================
  Model:    tencent/Hy3-FP8
  Warmup:   5s
  Duration: 120s per test
  Callback: http://127.0.0.1:9999

Starting batch receiver...
Batch receiver ready.

==================================================
  PHASE 3: Batch Size Benchmark
==================================================
  Batch sizes: [16, 32, 64]
  Duration: 125s each (5s warmup + 120s measurement)

────────────────────────────────────────
  Testing batch_size = 16
────────────────────────────────────────
    5s warmup done
    [10s] 224 nonces
    [20s] 480 nonces
    [30s] 688 nonces
    [40s] 928 nonces
    [50s] 1184 nonces
    [60s] 1424 nonces
    [70s] 1680 nonces
    [80s] 1904 nonces
    [90s] 2144 nonces
    [100s] 2400 nonces
    [110s] 2624 nonces
    [120s] 2880 nonces
  Result: 2880 nonces, 1439/min

────────────────────────────────────────
  Testing batch_size = 32
────────────────────────────────────────
    5s warmup done
    [10s] 256 nonces
    [20s] 512 nonces
    [30s] 736 nonces
    [40s] 992 nonces
    [50s] 1248 nonces
    [60s] 1504 nonces
    [70s] 1792 nonces
    [80s] 2048 nonces
    [90s] 2304 nonces
    [100s] 2560 nonces
    [110s] 2816 nonces
    [120s] 3072 nonces
  Result: 3072 nonces, 1535/min

────────────────────────────────────────
  Testing batch_size = 64
────────────────────────────────────────
    5s warmup done
    [10s] 256 nonces
    [20s] 512 nonces
    [30s] 768 nonces
    [40s] 1024 nonces
    [50s] 1280 nonces
    [60s] 1600 nonces
    [70s] 1856 nonces
    [80s] 2112 nonces
    [90s] 2368 nonces
    [100s] 2624 nonces
    [110s] 2944 nonces
    [120s] 3200 nonces
  Result: 3200 nonces, 1599/min

==================================================
  RESULTS
==================================================
     Batch │   Nonces │   Nonces/min
  ─────────┼──────────┼─────────────
        16 │     2880 │         1439  
        32 │     3072 │         1535  
        64 │     3200 │         1599 ★
==================================================
  ★ Best batch size: 64 (1599 nonces/min)

✓ Benchmark complete!

Stopping batch receiver...
