
==================================================
  PoC v2 Generation Test
==================================================
  Model:    cyankiwi/Hy3-AWQ-INT4
  Warmup:   5s
  Duration: 120s per test
  Callback: http://127.0.0.1:9999

Starting batch receiver...
Batch receiver ready.

==================================================
  PHASE 3: Batch Size Benchmark
==================================================
  Batch sizes: [16, 32, 64]
  Duration: 125s each (5s warmup + 120s measurement)

────────────────────────────────────────
  Testing batch_size = 16
────────────────────────────────────────
    5s warmup done
    [10s] 96 nonces
    [20s] 224 nonces
    [30s] 336 nonces
    [40s] 448 nonces
    [50s] 576 nonces
    [60s] 688 nonces
    [70s] 800 nonces
    [80s] 928 nonces
    [90s] 1040 nonces
    [100s] 1152 nonces
    [110s] 1280 nonces
    [120s] 1392 nonces
  Result: 1392 nonces, 696/min

────────────────────────────────────────
  Testing batch_size = 32
────────────────────────────────────────
    5s warmup done
    [10s] 96 nonces
    [20s] 224 nonces
    [30s] 352 nonces
    [40s] 480 nonces
    [50s] 608 nonces
    [60s] 704 nonces
    [70s] 832 nonces
    [80s] 960 nonces
    [90s] 1088 nonces
    [100s] 1216 nonces
    [110s] 1312 nonces
    [120s] 1440 nonces
  Result: 1440 nonces, 720/min

────────────────────────────────────────
  Testing batch_size = 64
────────────────────────────────────────
    5s warmup done
    [10s] 128 nonces
    [20s] 256 nonces
    [30s] 384 nonces
    [40s] 512 nonces
    [50s] 640 nonces
    [60s] 768 nonces
    [70s] 896 nonces
    [80s] 1024 nonces
    [90s] 1152 nonces
    [100s] 1280 nonces
    [110s] 1408 nonces
    [120s] 1472 nonces
  Result: 1472 nonces, 736/min

==================================================
  RESULTS
==================================================
     Batch │   Nonces │   Nonces/min
  ─────────┼──────────┼─────────────
        16 │     1392 │          696  
        32 │     1440 │          720  
        64 │     1472 │          736 ★
==================================================
  ★ Best batch size: 64 (736 nonces/min)

✓ Benchmark complete!

Stopping batch receiver...
