
==================================================
  PoC v2 Generation Test
==================================================
  Model:    /root/models/GLM-5.2-AWQ-INT4
  Warmup:   5s
  Duration: 30s per test
  Callback: http://127.0.0.1:9999

Starting batch receiver...
Batch receiver ready.

==================================================
  PHASE 3: Batch Size Benchmark
==================================================
  Batch sizes: [8, 16, 32, 64]
  Duration: 35s each (5s warmup + 30s measurement)

────────────────────────────────────────
  Testing batch_size = 8
────────────────────────────────────────
    5s warmup done
    [10s] 184 nonces
    [20s] 384 nonces
    [30s] 576 nonces
  Result: 576 nonces, 1152/min

────────────────────────────────────────
  Testing batch_size = 16
────────────────────────────────────────
    5s warmup done
    [10s] 192 nonces
    [20s] 384 nonces
    [30s] 608 nonces
  Result: 608 nonces, 1216/min

────────────────────────────────────────
  Testing batch_size = 32
────────────────────────────────────────
    5s warmup done
    [10s] 192 nonces
    [20s] 384 nonces
    [30s] 576 nonces
  Result: 576 nonces, 1152/min

────────────────────────────────────────
  Testing batch_size = 64
────────────────────────────────────────
    5s warmup done
    [10s] 256 nonces
    [20s] 512 nonces
    [30s] 768 nonces
  Result: 768 nonces, 1536/min

==================================================
  RESULTS
==================================================
     Batch │   Nonces │   Nonces/min
  ─────────┼──────────┼─────────────
         8 │      576 │         1152  
        16 │      608 │         1216  
        32 │      576 │         1152  
        64 │      768 │         1536 ★
==================================================
  ★ Best batch size: 64 (1536 nonces/min)

✓ Benchmark complete!

Stopping batch receiver...
