
==================================================
  PoC v2 Generation Test
==================================================
  Model:    r0b0tlab/Hy3-295B-NVFP4
  Warmup:   5s
  Duration: 120s per test
  Callback: http://127.0.0.1:9999

Starting batch receiver...
Batch receiver ready.

==================================================
  PHASE 3: Batch Size Benchmark
==================================================
  Batch sizes: [16, 32, 64]
  Duration: 125s each (5s warmup + 120s measurement)

────────────────────────────────────────
  Testing batch_size = 16
────────────────────────────────────────
    5s warmup done
    [10s] 272 nonces
    [20s] 576 nonces
    [30s] 864 nonces
    [40s] 1168 nonces
    [50s] 1456 nonces
    [60s] 1760 nonces
    [70s] 2064 nonces
    [80s] 2352 nonces
    [90s] 2656 nonces
    [100s] 2944 nonces
    [110s] 3248 nonces
    [120s] 3552 nonces
  Result: 3552 nonces, 1776/min

────────────────────────────────────────
  Testing batch_size = 32
────────────────────────────────────────
    5s warmup done
    [10s] 288 nonces
    [20s] 608 nonces
    [30s] 928 nonces
    [40s] 1248 nonces
    [50s] 1568 nonces
    [60s] 1856 nonces
    [70s] 2176 nonces
    [80s] 2496 nonces
    [90s] 2816 nonces
    [100s] 3136 nonces
    [110s] 3456 nonces
    [120s] 3744 nonces
  Result: 3744 nonces, 1872/min

────────────────────────────────────────
  Testing batch_size = 64
────────────────────────────────────────
    5s warmup done
    [10s] 320 nonces
    [20s] 640 nonces
    [30s] 960 nonces
    [40s] 1280 nonces
    [50s] 1600 nonces
    [60s] 1920 nonces
    [70s] 2240 nonces
    [80s] 2560 nonces
    [90s] 2880 nonces
    [100s] 3200 nonces
    [110s] 3520 nonces
    [120s] 3840 nonces
  Result: 3840 nonces, 1920/min

==================================================
  RESULTS
==================================================
     Batch │   Nonces │   Nonces/min
  ─────────┼──────────┼─────────────
        16 │     3552 │         1776  
        32 │     3744 │         1872  
        64 │     3840 │         1920 ★
==================================================
  ★ Best batch size: 64 (1920 nonces/min)

✓ Benchmark complete!

Stopping batch receiver...
