=== SERVING dspark_on s1_long_prompt_sequential_short_decode ===
{
  "scenario": "s1_long_prompt_sequential_short_decode",
  "prompt_chars": 20000,
  "num_tasks": 5,
  "concurrency": 1,
  "max_tokens": 300,
  "wall_s": 3.79,
  "TTFT": 0.1584,
  "TTFT_95": 0.2345,
  "LATENCY": 0.7582,
  "LATENCY_95": 1.006,
  "TPOT": 0.00201,
  "OUTPUT_TOKENS": 1500,
  "OUTPUT_CHUNKS": 303,
  "TOKENS_PER_CHUNK": 4.95,
  "OUTPUT_TOK_PER_S": 395.62,
  "RPS": 1.3187,
  "FAILED_REQUESTS": 0,
  "errors": []
}
=== SERVING dspark_on s2_short_prompt_high_concurrency ===
{
  "scenario": "s2_short_prompt_high_concurrency",
  "prompt_chars": 2000,
  "num_tasks": 200,
  "concurrency": 30,
  "max_tokens": 300,
  "wall_s": 23.76,
  "TTFT": 0.4437,
  "TTFT_95": 2.1576,
  "LATENCY": 3.4014,
  "LATENCY_95": 5.1489,
  "TPOT": 0.01017,
  "OUTPUT_TOKENS": 59035,
  "OUTPUT_CHUNKS": 16494,
  "TOKENS_PER_CHUNK": 3.579,
  "OUTPUT_TOK_PER_S": 2484.48,
  "RPS": 8.417,
  "FAILED_REQUESTS": 0,
  "errors": []
}
=== SERVING dspark_on s3_very_long_sequential_long_decode ===
{
  "scenario": "s3_very_long_sequential_long_decode",
  "prompt_chars": 45000,
  "num_tasks": 5,
  "concurrency": 1,
  "max_tokens": 1000,
  "wall_s": 9.11,
  "TTFT": 0.2699,
  "TTFT_95": 0.2782,
  "LATENCY": 1.8211,
  "LATENCY_95": 2.0664,
  "TPOT": 0.00194,
  "OUTPUT_TOKENS": 4279,
  "OUTPUT_CHUNKS": 769,
  "TOKENS_PER_CHUNK": 5.564,
  "OUTPUT_TOK_PER_S": 469.9,
  "RPS": 0.5491,
  "FAILED_REQUESTS": 0,
  "errors": []
}
=== SERVING dspark_on s4_very_long_max_concurrency ===
{
  "scenario": "s4_very_long_max_concurrency",
  "prompt_chars": 45000,
  "num_tasks": 40,
  "concurrency": 20,
  "max_tokens": 1000,
  "wall_s": 17.28,
  "TTFT": 1.1481,
  "TTFT_95": 3.3306,
  "LATENCY": 8.1709,
  "LATENCY_95": 12.5488,
  "TPOT": 0.00975,
  "OUTPUT_TOKENS": 32671,
  "OUTPUT_CHUNKS": 6133,
  "TOKENS_PER_CHUNK": 5.327,
  "OUTPUT_TOK_PER_S": 1890.72,
  "RPS": 2.3149,
  "FAILED_REQUESTS": 0,
  "errors": []
}
=== SERVING dspark_on DONE ===
