=== СВИП 13:56:57 батчи=8,16,32,48 ===
### свип: nvfp4 13:56:57 ###
модель по версии движка: glm53

==================================================
  PoC v2 Generation Test
==================================================
  Model:    glm53
  Warmup:   5s
  Duration: 120s per test
  Callback: http://127.0.0.1:9999

Starting batch receiver...
Batch receiver ready.

==================================================
  PHASE 3: Batch Size Benchmark
==================================================
  Batch sizes: [8, 16, 32, 48]
  Duration: 125s each (5s warmup + 120s measurement)

────────────────────────────────────────
  Testing batch_size = 8
────────────────────────────────────────
    5s warmup done
    [10s] 357 nonces
    [20s] 791 nonces
    [30s] 1225 nonces
    [40s] 1666 nonces
    [50s] 2093 nonces
    [60s] 2527 nonces
    [70s] 2947 nonces
    [80s] 3388 nonces
    [90s] 3836 nonces
    [100s] 4284 nonces
    [110s] 4739 nonces
    [120s] 5194 nonces
  Result: 5194 nonces, 2596/min

────────────────────────────────────────
  Testing batch_size = 16
────────────────────────────────────────
    5s warmup done
    [10s] 560 nonces
    [20s] 1136 nonces
    [30s] 1712 nonces
    [40s] 2288 nonces
    [50s] 2848 nonces
    [60s] 3424 nonces
    [70s] 4000 nonces
    [80s] 4576 nonces
    [90s] 5136 nonces
    [100s] 5712 nonces
    [110s] 6288 nonces
    [120s] 6864 nonces
  Result: 6864 nonces, 3431/min

────────────────────────────────────────
  Testing batch_size = 32
────────────────────────────────────────
    5s warmup done
    [10s] 0 nonces
    [20s] 0 nonces
    [30s] 0 nonces
    [40s] 0 nonces
    [50s] 0 nonces
    [60s] 0 nonces
    [70s] 0 nonces
    [80s] 0 nonces
    [90s] 0 nonces
    [100s] 0 nonces
    [110s] 0 nonces
    [120s] 0 nonces
  Result: 0 nonces, 0/min

────────────────────────────────────────
  Testing batch_size = 48
────────────────────────────────────────
    5s warmup done
    [10s] 0 nonces
    [20s] 0 nonces
    [30s] 0 nonces
    [40s] 0 nonces
    [50s] 0 nonces
    [60s] 0 nonces
    [70s] 0 nonces
    [80s] 0 nonces
    [90s] 0 nonces
    [100s] 0 nonces
    [110s] 0 nonces
    [120s] 0 nonces
  Result: 0 nonces, 0/min

==================================================
  RESULTS
==================================================
     Batch │   Nonces │   Nonces/min
  ─────────┼──────────┼─────────────
         8 │     5194 │         2596  
        16 │     6864 │         3431 ★
        32 │        0 │            0  
        48 │        0 │            0  
==================================================
  ★ Best batch size: 16 (3431 nonces/min)

✓ Benchmark complete!

Stopping batch receiver...
IMA после nvfp4: 0
### перезапуск на честные веса ###
честный движок готов=yes 14:08:54
### свип: honest 14:08:54 ###
модель по версии движка: glm53

==================================================
  PoC v2 Generation Test
==================================================
  Model:    glm53
  Warmup:   5s
  Duration: 120s per test
  Callback: http://127.0.0.1:9999

Starting batch receiver...
Batch receiver ready.

==================================================
  PHASE 3: Batch Size Benchmark
==================================================
  Batch sizes: [8, 16, 32, 48]
  Duration: 125s each (5s warmup + 120s measurement)

────────────────────────────────────────
  Testing batch_size = 8
────────────────────────────────────────
    5s warmup done
    [10s] 408 nonces
    [20s] 816 nonces
    [30s] 1240 nonces
    [40s] 1656 nonces
    [50s] 2080 nonces
    [60s] 2488 nonces
    [70s] 2912 nonces
    [80s] 3328 nonces
    [90s] 3728 nonces
    [100s] 4136 nonces
    [110s] 4560 nonces
    [120s] 4976 nonces
  Result: 4976 nonces, 2487/min

────────────────────────────────────────
  Testing batch_size = 16
────────────────────────────────────────
    5s warmup done
    [10s] 420 nonces
    [20s] 840 nonces
    [30s] 1275 nonces
    [40s] 1695 nonces
    [50s] 2130 nonces
    [60s] 2550 nonces
    [70s] 2970 nonces
    [80s] 3390 nonces
    [90s] 3825 nonces
    [100s] 4245 nonces
    [110s] 4665 nonces
    [120s] 5100 nonces
  Result: 5100 nonces, 2549/min

────────────────────────────────────────
  Testing batch_size = 32
────────────────────────────────────────
    5s warmup done
    [10s] 434 nonces
    [20s] 899 nonces
    [30s] 1364 nonces
    [40s] 1798 nonces
    [50s] 2263 nonces
    [60s] 2728 nonces
    [70s] 3193 nonces
    [80s] 3627 nonces
    [90s] 4092 nonces
    [100s] 4557 nonces
    [110s] 5022 nonces
    [120s] 5456 nonces
  Result: 5456 nonces, 2727/min

────────────────────────────────────────
  Testing batch_size = 48
────────────────────────────────────────
    5s warmup done
    [10s] 96 nonces
    [20s] 96 nonces
    [30s] 96 nonces
    [40s] 96 nonces
    [50s] 96 nonces
    [60s] 96 nonces
    [70s] 96 nonces
    [80s] 96 nonces
    [90s] 96 nonces
    [100s] 96 nonces
    [110s] 96 nonces
    [120s] 96 nonces
  Result: 96 nonces, 48/min

==================================================
  RESULTS
==================================================
     Batch │   Nonces │   Nonces/min
  ─────────┼──────────┼─────────────
         8 │     4976 │         2487  
        16 │     5100 │         2549  
        32 │     5456 │         2727 ★
        48 │       96 │           48  
==================================================
  ★ Best batch size: 32 (2727 nonces/min)

✓ Benchmark complete!

Stopping batch receiver...
IMA после honest: 13
SWEEP_DONE
