
==================================================
  PoC v2 Generation Test
==================================================
  Model:    glm53
  Warmup:   5s
  Duration: 120s per test
  Callback: http://127.0.0.1:9999

Starting batch receiver...
Batch receiver ready.

==================================================
  PHASE 3: Batch Size Benchmark
==================================================
  Batch sizes: [48, 64]
  Duration: 125s each (5s warmup + 120s measurement)

────────────────────────────────────────
  Testing batch_size = 48
────────────────────────────────────────
    5s warmup done
    [10s] 240 nonces
    [20s] 240 nonces
    [30s] 240 nonces
    [40s] 240 nonces
    [50s] 240 nonces
    [60s] 240 nonces
    [70s] 240 nonces
    [80s] 240 nonces
    [90s] 240 nonces
    [100s] 240 nonces
    [110s] 240 nonces
    [120s] 240 nonces
  Result: 240 nonces, 120/min

────────────────────────────────────────
  Testing batch_size = 64
────────────────────────────────────────
    5s warmup done
    [10s] 0 nonces
    [20s] 0 nonces
    [30s] 0 nonces
    [40s] 0 nonces
    [50s] 0 nonces
    [60s] 0 nonces
    [70s] 0 nonces
    [80s] 0 nonces
    [90s] 0 nonces
    [100s] 0 nonces
    [110s] 0 nonces
    [120s] 0 nonces
  Result: 0 nonces, 0/min

==================================================
  RESULTS
==================================================
     Batch │   Nonces │   Nonces/min
  ─────────┼──────────┼─────────────
        48 │      240 │          120 ★
        64 │        0 │            0  
==================================================
  ★ Best batch size: 48 (120 nonces/min)

✓ Benchmark complete!

Stopping batch receiver...
SWEEP_DONE
